Token(type=IDENTIFIER, lexeme=variable, literal=null, line=1)
Token(type=IDENTIFIER, lexeme=iffy, literal=null, line=1)
Token(type=IDENTIFIER, lexeme=otherwise, literal=null, line=1)
Token(type=IDENTIFIER, lexeme=whiley, literal=null, line=1)
Token(type=IDENTIFIER, lexeme=forEach, literal=null, line=1)
Token(type=IDENTIFIER, lexeme=functions, literal=null, line=1)
Token(type=IDENTIFIER, lexeme=returns, literal=null, line=1)
Token(type=IDENTIFIER, lexeme=trueValue, literal=null, line=2)
Token(type=IDENTIFIER, lexeme=falseValue, literal=null, line=2)
Token(type=IDENTIFIER, lexeme=towers, literal=null, line=3)
Token(type=IDENTIFIER, lexeme=towering, literal=null, line=3)
Token(type=IDENTIFIER, lexeme=waves, literal=null, line=3)
Token(type=IDENTIFIER, lexeme=enemies, literal=null, line=3)
Token(type=IDENTIFIER, lexeme=upgrades, literal=null, line=3)
Token(type=IDENTIFIER, lexeme=abilities, literal=null, line=3)
Token(type=IDENTIFIER, lexeme=projectiles, literal=null, line=3)
Token(type=IDENTIFIER, lexeme=maps, literal=null, line=3)
Token(type=EOF, lexeme=, literal=null, line=3)