Token(type=BANG, lexeme=!, literal=null, line=1)
Token(type=BANG_EQUAL, lexeme=!=, literal=null, line=1)
Token(type=EQUAL, lexeme==, literal=null, line=1)
Token(type=EQUAL_EQUAL, lexeme===, literal=null, line=1)
Token(type=LESS, lexeme=<, literal=null, line=1)
Token(type=LESS_EQUAL, lexeme=<=, literal=null, line=1)
Token(type=GREATER, lexeme=>, literal=null, line=1)
Token(type=GREATER_EQUAL, lexeme=>=, literal=null, line=1)
Token(type=EOF, lexeme=, literal=null, line=1)