Token(type=VAR, lexeme=var, literal=null, line=1)
Token(type=IDENTIFIER, lexeme=empty, literal=null, line=1)
Token(type=EQUAL, lexeme==, literal=null, line=1)
Token(type=STRING, lexeme="", literal=, line=1)
Token(type=VAR, lexeme=var, literal=null, line=2)
Token(type=IDENTIFIER, lexeme=greeting, literal=null, line=2)
Token(type=EQUAL, lexeme==, literal=null, line=2)
Token(type=STRING, lexeme="hello world", literal=hello world, line=2)
Token(type=EOF, lexeme=, literal=null, line=2)