Token(type=VAR, lexeme=var, literal=null, line=1)
Token(type=IDENTIFIER, lexeme=x, literal=null, line=1)
Token(type=EQUAL, lexeme==, literal=null, line=1)
Token(type=NUMBER, lexeme=10, literal=10.0, line=1)
Token(type=VAR, lexeme=var, literal=null, line=4)
Token(type=IDENTIFIER, lexeme=y, literal=null, line=4)
Token(type=EQUAL, lexeme==, literal=null, line=4)
Token(type=NUMBER, lexeme=20, literal=20.0, line=4)
Token(type=EOF, lexeme=, literal=null, line=4)