Token(type=VAR, lexeme=var, literal=null, line=1)
Token(type=IDENTIFIER, lexeme=variable, literal=null, line=1)
Token(type=IF, lexeme=if, literal=null, line=1)
Token(type=IDENTIFIER, lexeme=iffy, literal=null, line=1)
Token(type=ELSE, lexeme=else, literal=null, line=1)
Token(type=WHILE, lexeme=while, literal=null, line=2)
Token(type=FOR, lexeme=for, literal=null, line=2)
Token(type=FUNCTION, lexeme=function, literal=null, line=2)
Token(type=RETURN, lexeme=return, literal=null, line=2)
Token(type=TRUE, lexeme=true, literal=null, line=2)
Token(type=FALSE, lexeme=false, literal=null, line=2)
Token(type=TOWER, lexeme=tower, literal=null, line=3)
Token(type=IDENTIFIER, lexeme=towering, literal=null, line=3)
Token(type=WAVE, lexeme=wave, literal=null, line=3)
Token(type=ENEMY, lexeme=enemy, literal=null, line=3)
Token(type=UPGRADE, lexeme=upgrade, literal=null, line=3)
Token(type=ABILITY, lexeme=ability, literal=null, line=4)
Token(type=PROJECTILE, lexeme=projectile, literal=null, line=4)
Token(type=MAP, lexeme=map, literal=null, line=4)
Token(type=EOF, lexeme=, literal=null, line=4)