Token(type=NUMBER, lexeme=0, literal=0.0, line=1)
Token(type=NUMBER, lexeme=42, literal=42.0, line=1)
Token(type=NUMBER, lexeme=3.14159, literal=3.14159, line=1)
Token(type=NUMBER, lexeme=0.50, literal=0.5, line=1)
Token(type=NUMBER, lexeme=10, literal=10.0, line=2)
Token(type=DOT, lexeme=., literal=null, line=2)
Token(type=IDENTIFIER, lexeme=x, literal=null, line=2)
Token(type=NUMBER, lexeme=100, literal=100.0, line=2)
Token(type=IDENTIFIER, lexeme=a, literal=null, line=2)
Token(type=NUMBER, lexeme=5, literal=5.0, line=2)
Token(type=PLUS, lexeme=+, literal=null, line=2)
Token(type=NUMBER, lexeme=5, literal=5.0, line=2)
Token(type=EOF, lexeme=, literal=null, line=2)